[designarc.biz/demos/cake/theme/cake-html/index.html]
[designarc.biz/demos/cake/theme/cake-html/img/fav-icon.png]
[backblue.gif]
[fade.gif]
[index.html]
[designarc.biz/demos/cake/theme/cake-html/css/font-awesome.min.css]
[designarc.biz/demos/cake/theme/cake-html/vendors/linearicons/style.css]
[designarc.biz/demos/cake/theme/cake-html/vendors/flat-icon/flaticon.css]
[designarc.biz/demos/cake/theme/cake-html/css/bootstrap.min.css]
[designarc.biz/demos/cake/theme/cake-html/vendors/revolution/css/settings.css]
[designarc.biz/demos/cake/theme/cake-html/vendors/revolution/css/layers.css]
[designarc.biz/demos/cake/theme/cake-html/vendors/revolution/css/navigation.css]
[designarc.biz/demos/cake/theme/cake-html/vendors/animate-css/animate.css]
[designarc.biz/demos/cake/theme/cake-html/vendors/owl-carousel/owl.carousel.min.css]
[designarc.biz/demos/cake/theme/cake-html/vendors/magnifc-popup/magnific-popup.css]
[designarc.biz/demos/cake/theme/cake-html/css/style.css]
[designarc.biz/demos/cake/theme/cake-html/css/responsive.css]
[designarc.biz/demos/cake/theme/cake-html/img/logo.png]
[designarc.biz/demos/cake/theme/cake-html/img/logo-2.png]
[designarc.biz/demos/cake/theme/cake-html/index-2.html]
[designarc.biz/demos/cake/theme/cake-html/index-3.html]
[designarc.biz/demos/cake/theme/cake-html/index-4.html]
[designarc.biz/demos/cake/theme/cake-html/index-5.html]
[designarc.biz/demos/cake/theme/cake-html/cake.html]
[designarc.biz/demos/cake/theme/cake-html/menu.html]
[designarc.biz/demos/cake/theme/cake-html/about-us.html]
[designarc.biz/demos/cake/theme/cake-html/our-team.html]
[designarc.biz/demos/cake/theme/cake-html/testimonials.html]
[designarc.biz/demos/cake/theme/cake-html/service.html]
[designarc.biz/demos/cake/theme/cake-html/portfolio.html]
[designarc.biz/demos/cake/theme/cake-html/portfolio-full-width.html]
[designarc.biz/demos/cake/theme/cake-html/faq.html]
[designarc.biz/demos/cake/theme/cake-html/what-we-make.html]
[designarc.biz/demos/cake/theme/cake-html/special.html]
[designarc.biz/demos/cake/theme/cake-html/404.html]
[designarc.biz/demos/cake/theme/cake-html/comming-soon.html]
[designarc.biz/demos/cake/theme/cake-html/blog.html]
[designarc.biz/demos/cake/theme/cake-html/blog-2column.html]
[designarc.biz/demos/cake/theme/cake-html/single-blog.html]
[designarc.biz/demos/cake/theme/cake-html/shop.html]
[designarc.biz/demos/cake/theme/cake-html/product-details.html]
[designarc.biz/demos/cake/theme/cake-html/cart.html]
[designarc.biz/demos/cake/theme/cake-html/checkout.html]
[designarc.biz/demos/cake/theme/cake-html/contact.html]
[designarc.biz/demos/cake/theme/cake-html/img/home-slider/slider-1.jpg]
[designarc.biz/demos/cake/theme/cake-html/img/home-slider/slider-2.jpg]
[designarc.biz/demos/cake/theme/cake-html/img/cake-feature/welcome-right.jpg]
[designarc.biz/demos/cake/theme/cake-html/img/cake-feature/c-feature-1.jpg]
[designarc.biz/demos/cake/theme/cake-html/img/cake-feature/c-feature-2.jpg]
[designarc.biz/demos/cake/theme/cake-html/img/cake-feature/c-feature-3.jpg]
[designarc.biz/demos/cake/theme/cake-html/img/cake-feature/c-feature-4.jpg]
[designarc.biz/demos/cake/theme/cake-html/img/recipe/recipe-1.png]
[designarc.biz/demos/cake/theme/cake-html/img/client/client-1.png]
[designarc.biz/demos/cake/theme/cake-html/img/chef/chef-1.jpg]
[designarc.biz/demos/cake/theme/cake-html/img/chef/chef-2.jpg]
[designarc.biz/demos/cake/theme/cake-html/img/chef/chef-3.jpg]
[designarc.biz/demos/cake/theme/cake-html/img/blog/latest-news/l-news-1.jpg]
[designarc.biz/demos/cake/theme/cake-html/img/blog/latest-news/l-news-2.jpg]
[designarc.biz/demos/cake/theme/cake-html/img/blog/latest-news/l-news-3.jpg]
[designarc.biz/demos/cake/theme/cake-html/img/footer-logo.png]
[designarc.biz/demos/cake/theme/cake-html/js/jquery-3.2.1.min.js]
[designarc.biz/demos/cake/theme/cake-html/js/popper.min.js]
[designarc.biz/demos/cake/theme/cake-html/js/bootstrap.min.js]
[designarc.biz/demos/cake/theme/cake-html/vendors/revolution/js/jquery.themepunch.tools.min.js]
[designarc.biz/demos/cake/theme/cake-html/vendors/revolution/js/jquery.themepunch.revolution.min.js]
[designarc.biz/demos/cake/theme/cake-html/vendors/revolution/js/extensions/revolution.extension.actions.min.js]
[designarc.biz/demos/cake/theme/cake-html/vendors/revolution/js/extensions/revolution.extension.video.min.js]
[designarc.biz/demos/cake/theme/cake-html/vendors/revolution/js/extensions/revolution.extension.slideanims.min.js]
[designarc.biz/demos/cake/theme/cake-html/vendors/revolution/js/extensions/revolution.extension.layeranimation.min.js]
[designarc.biz/demos/cake/theme/cake-html/vendors/revolution/js/extensions/revolution.extension.navigation.min.js]
[designarc.biz/demos/cake/theme/cake-html/vendors/owl-carousel/owl.carousel.min.js]
[designarc.biz/demos/cake/theme/cake-html/vendors/magnifc-popup/jquery.magnific-popup.min.js]
[designarc.biz/demos/cake/theme/cake-html/vendors/datetime-picker/js/moment.min.js]
[designarc.biz/demos/cake/theme/cake-html/vendors/datetime-picker/js/bootstrap-datetimepicker.min.js]
[designarc.biz/demos/cake/theme/cake-html/vendors/nice-select/js/jquery.nice-select.min.js]
[designarc.biz/demos/cake/theme/cake-html/vendors/jquery-ui/jquery-ui.min.js]
[designarc.biz/demos/cake/theme/cake-html/vendors/lightbox/simpleLightbox.min.js]
[designarc.biz/demos/cake/theme/cake-html/index.html]
[designarc.biz/demos/cake/theme/cake-html/js/theme.js]
[designarc.biz/demos/cake/theme/cake-html/fonts/fontawesome-webfont3e6e.eot]
[designarc.biz/demos/cake/theme/cake-html/fonts/fontawesome-webfontd41d.eot]
[designarc.biz/demos/cake/theme/cake-html/fonts/fontawesome-webfont3e6e.woff2]
[designarc.biz/demos/cake/theme/cake-html/fonts/fontawesome-webfont3e6e.woff]
[designarc.biz/demos/cake/theme/cake-html/fonts/fontawesome-webfont3e6e.ttf]
[designarc.biz/demos/cake/theme/cake-html/css/font-awesome.min.css]
[designarc.biz/demos/cake/theme/cake-html/fonts/fontawesome-webfont3e6e.svg]
[designarc.biz/demos/cake/theme/cake-html/vendors/linearicons/fonts/Linearicons-Free54e9.eot]
[designarc.biz/demos/cake/theme/cake-html/vendors/linearicons/fonts/Linearicons-Freed41d.eot]
[designarc.biz/demos/cake/theme/cake-html/vendors/linearicons/fonts/Linearicons-Free54e9.woff2]
[designarc.biz/demos/cake/theme/cake-html/vendors/linearicons/fonts/Linearicons-Free54e9.woff]
[designarc.biz/demos/cake/theme/cake-html/vendors/linearicons/fonts/Linearicons-Free54e9.ttf]
[designarc.biz/demos/cake/theme/cake-html/vendors/linearicons/style.css]
[designarc.biz/demos/cake/theme/cake-html/vendors/linearicons/fonts/Linearicons-Free54e9.svg]
[designarc.biz/demos/cake/theme/cake-html/vendors/flat-icon/Flaticon.eot]
[designarc.biz/demos/cake/theme/cake-html/vendors/flat-icon/Flaticond41d.eot]
[designarc.biz/demos/cake/theme/cake-html/vendors/flat-icon/Flaticon.woff]
[designarc.biz/demos/cake/theme/cake-html/vendors/flat-icon/Flaticon.ttf]
[designarc.biz/demos/cake/theme/cake-html/vendors/flat-icon/flaticon.css]
[designarc.biz/demos/cake/theme/cake-html/css/bootstrap.min.css]
[designarc.biz/demos/cake/theme/cake-html/vendors/flat-icon/Flaticon.svg]
[designarc.biz/demos/cake/theme/cake-html/vendors/revolution/fonts/revicons/revicons90c6.eot]
[designarc.biz/demos/cake/theme/cake-html/vendors/revolution/fonts/revicons/revicons90c6.woff]
[designarc.biz/demos/cake/theme/cake-html/vendors/revolution/fonts/revicons/revicons90c6.ttf]
[designarc.biz/demos/cake/theme/cake-html/vendors/revolution/fonts/revicons/revicons90c6.svg]
[designarc.biz/demos/cake/theme/cake-html/vendors/revolution/css/openhand.cur]
[designarc.biz/demos/cake/theme/cake-html/vendors/revolution/css/closedhand.cur]
[designarc.biz/demos/cake/theme/cake-html/vendors/revolution/assets/gridtile.png]
[designarc.biz/demos/cake/theme/cake-html/vendors/revolution/assets/gridtile_white.png]
[designarc.biz/demos/cake/theme/cake-html/vendors/revolution/assets/gridtile_3x3.png]
[designarc.biz/demos/cake/theme/cake-html/vendors/revolution/assets/gridtile_3x3_white.png]
[designarc.biz/demos/cake/theme/cake-html/vendors/revolution/assets/coloredbg.png]
[designarc.biz/demos/cake/theme/cake-html/vendors/revolution/assets/loader.gif]
[designarc.biz/demos/cake/theme/cake-html/vendors/revolution/css/settings.css]
[designarc.biz/demos/cake/theme/cake-html/vendors/revolution/css/layers.css]
[designarc.biz/demos/cake/theme/cake-html/vendors/revolution/css/navigation.css]
[designarc.biz/demos/cake/theme/cake-html/vendors/animate-css/animate.css]
[designarc.biz/demos/cake/theme/cake-html/vendors/owl-carousel/owl.video.play.png]
[designarc.biz/demos/cake/theme/cake-html/vendors/owl-carousel/owl.carousel.min.css]
[designarc.biz/demos/cake/theme/cake-html/vendors/magnifc-popup/magnific-popup.css]
[designarc.biz/demos/cake/theme/cake-html/img/logo-circle-2.png]
[designarc.biz/demos/cake/theme/cake-html/img/menu-draw.png]
[designarc.biz/demos/cake/theme/cake-html/img/menu-draw-five.png]
[designarc.biz/demos/cake/theme/cake-html/img/banner/banner-bg.jpg]
[designarc.biz/demos/cake/theme/cake-html/img/welcome-bg.jpg]
[designarc.biz/demos/cake/theme/cake-html/img/w-left-techture.png]
[designarc.biz/demos/cake/theme/cake-html/img/w-right-techture.png]
[designarc.biz/demos/cake/theme/cake-html/img/recipe/special-recipe.jpg]
[designarc.biz/demos/cake/theme/cake-html/img/error-bg.jpg]
[designarc.biz/demos/cake/theme/cake-html/img/faq-form-right.png]
[designarc.biz/demos/cake/theme/cake-html/img/service-bg.jpg]
[designarc.biz/demos/cake/theme/cake-html/img/menu-left.png]
[designarc.biz/demos/cake/theme/cake-html/img/menu-right.png]
[designarc.biz/demos/cake/theme/cake-html/img/video/video-1.jpg]
[designarc.biz/demos/cake/theme/cake-html/img/comming-bg.jpg]
[designarc.biz/demos/cake/theme/cake-html/img/shop-page-bg.png]
[designarc.biz/demos/cake/theme/cake-html/css/style.css]
[designarc.biz/demos/cake/theme/cake-html/css/responsive.css]
[designarc.biz/demos/cake/theme/cake-html/img/home-slider/slider-3.jpg]
[designarc.biz/demos/cake/theme/cake-html/img/home-slider/slider-4.jpg]
[designarc.biz/demos/cake/theme/cake-html/img/home-slider/slider-5.jpg]
[designarc.biz/demos/cake/theme/cake-html/img/cake-feature/arivals-pic.jpg]
[designarc.biz/demos/cake/theme/cake-html/img/cake-feature/arivals-1.jpg]
[designarc.biz/demos/cake/theme/cake-html/img/cake-feature/arivals-2.jpg]
[designarc.biz/demos/cake/theme/cake-html/index-2.html]
[designarc.biz/demos/cake/theme/cake-html/vendors/stroke-icon/style.css]
[designarc.biz/demos/cake/theme/cake-html/vendors/datetime-picker/css/bootstrap-datetimepicker.min.css]
[designarc.biz/demos/cake/theme/cake-html/vendors/nice-select/css/nice-select.css]
[designarc.biz/demos/cake/theme/cake-html/img/logo-3.png]
[designarc.biz/demos/cake/theme/cake-html/img/home-slider/slider-6.jpg]
[designarc.biz/demos/cake/theme/cake-html/img/home-slider/slider-7.jpg]
[designarc.biz/demos/cake/theme/cake-html/img/home-slider/slider-8.jpg]
[designarc.biz/demos/cake/theme/cake-html/img/our-bakery/bakery-1.jpg]
[designarc.biz/demos/cake/theme/cake-html/img/our-bakery/bakery-2.jpg]
[designarc.biz/demos/cake/theme/cake-html/img/our-bakery/bakery-3.jpg]
[designarc.biz/demos/cake/theme/cake-html/index-3.html]
[designarc.biz/demos/cake/theme/cake-html/img/home-slider/slider-9.jpg]
[designarc.biz/demos/cake/theme/cake-html/img/home-slider/slider-10.jpg]
[designarc.biz/demos/cake/theme/cake-html/img/home-slider/slider-11.jpg]
[designarc.biz/demos/cake/theme/cake-html/index-4.html]
[designarc.biz/demos/cake/theme/cake-html/img/home-slider/slider-12.jpg]
[designarc.biz/demos/cake/theme/cake-html/img/home-slider/slider-13.jpg]
[designarc.biz/demos/cake/theme/cake-html/img/home-slider/slider-14.jpg]
[designarc.biz/demos/cake/theme/cake-html/index-5.html]
[designarc.biz/demos/cake/theme/cake-html/cakes.html]
[designarc.biz/demos/cake/theme/cake-html/img/cake-feature/c-feature-9.jpg]
[designarc.biz/demos/cake/theme/cake-html/img/cake-feature/c-feature-5.jpg]
[designarc.biz/demos/cake/theme/cake-html/img/cake-feature/c-feature-6.jpg]
[designarc.biz/demos/cake/theme/cake-html/img/cake-feature/c-feature-7.jpg]
[designarc.biz/demos/cake/theme/cake-html/img/cake-feature/c-feature-8.jpg]
[designarc.biz/demos/cake/theme/cake-html/cake.html]
[designarc.biz/demos/cake/theme/cake-html/menu.html]
[designarc.biz/demos/cake/theme/cake-html/about-us.html]
[designarc.biz/demos/cake/theme/cake-html/our-team.html]
[designarc.biz/demos/cake/theme/cake-html/img/client/client-2.png]
[designarc.biz/demos/cake/theme/cake-html/vendors/isotope/imagesloaded.pkgd.min.js]
[designarc.biz/demos/cake/theme/cake-html/testimonials.html]
[designarc.biz/demos/cake/theme/cake-html/vendors/isotope/isotope.pkgd.min.js]
[designarc.biz/demos/cake/theme/cake-html/img/service/service-1.png]
[designarc.biz/demos/cake/theme/cake-html/img/service/service-2.png]
[designarc.biz/demos/cake/theme/cake-html/img/service/service-3.png]
[designarc.biz/demos/cake/theme/cake-html/img/service/service-4.png]
[designarc.biz/demos/cake/theme/cake-html/img/service/service-5.png]
[designarc.biz/demos/cake/theme/cake-html/img/service/service-6.png]
[designarc.biz/demos/cake/theme/cake-html/service.html]
[designarc.biz/demos/cake/theme/cake-html/vendors/lightbox/simpleLightbox.css]
[designarc.biz/demos/cake/theme/cake-html/img/portfolio/portfolio-1.jpg]
[designarc.biz/demos/cake/theme/cake-html/img/portfolio/portfolio-2.jpg]
[designarc.biz/demos/cake/theme/cake-html/img/portfolio/portfolio-3.jpg]
[designarc.biz/demos/cake/theme/cake-html/img/portfolio/portfolio-4.jpg]
[designarc.biz/demos/cake/theme/cake-html/img/portfolio/portfolio-5.jpg]
[designarc.biz/demos/cake/theme/cake-html/img/portfolio/portfolio-6.jpg]
[designarc.biz/demos/cake/theme/cake-html/img/portfolio/portfolio-7.jpg]
[designarc.biz/demos/cake/theme/cake-html/img/portfolio/portfolio-8.jpg]
[designarc.biz/demos/cake/theme/cake-html/img/portfolio/portfolio-9.jpg]
[designarc.biz/demos/cake/theme/cake-html/portfolio.html]
[designarc.biz/demos/cake/theme/cake-html/portfolio-full-width.html]
[designarc.biz/demos/cake/theme/cake-html/faq.html]
[designarc.biz/demos/cake/theme/cake-html/what-we-make.html]
[designarc.biz/demos/cake/theme/cake-html/img/special/special-1.png]
[designarc.biz/demos/cake/theme/cake-html/img/special/special-2.png]
[designarc.biz/demos/cake/theme/cake-html/special.html]
[designarc.biz/demos/cake/theme/cake-html/404.html]
[designarc.biz/demos/cake/theme/cake-html/js/comingsoon.js]
[designarc.biz/demos/cake/theme/cake-html/comming-soon.html]
[designarc.biz/demos/cake/theme/cake-html/img/blog/main-blog/blog-1.jpg]
[designarc.biz/demos/cake/theme/cake-html/img/blog/main-blog/blog-2.jpg]
[designarc.biz/demos/cake/theme/cake-html/img/blog/main-blog/blog-3.jpg]
[designarc.biz/demos/cake/theme/cake-html/img/blog/main-blog/blog-4.jpg]
[designarc.biz/demos/cake/theme/cake-html/img/blog/main-blog/blog-5.jpg]
[designarc.biz/demos/cake/theme/cake-html/img/blog/recent-post/r-post-1.jpg]
[designarc.biz/demos/cake/theme/cake-html/img/blog/recent-post/r-post-2.jpg]
[designarc.biz/demos/cake/theme/cake-html/img/blog/recent-post/r-post-3.jpg]
[designarc.biz/demos/cake/theme/cake-html/img/blog/recent-post/r-post-4.jpg]
[designarc.biz/demos/cake/theme/cake-html/blog.html]
[designarc.biz/demos/cake/theme/cake-html/img/blog/column/blog-c-1.jpg]
[designarc.biz/demos/cake/theme/cake-html/img/blog/column/blog-c-2.jpg]
[designarc.biz/demos/cake/theme/cake-html/img/blog/column/blog-c-3.jpg]
[designarc.biz/demos/cake/theme/cake-html/img/blog/column/blog-c-4.jpg]
[designarc.biz/demos/cake/theme/cake-html/img/blog/column/blog-c-5.jpg]
[designarc.biz/demos/cake/theme/cake-html/img/blog/column/blog-c-6.jpg]
[designarc.biz/demos/cake/theme/cake-html/img/blog/column/blog-c-7.jpg]
[designarc.biz/demos/cake/theme/cake-html/img/blog/column/blog-c-8.jpg]
[designarc.biz/demos/cake/theme/cake-html/blog-2column.html]
[designarc.biz/demos/cake/theme/cake-html/img/comment/comment-1.jpg]
[designarc.biz/demos/cake/theme/cake-html/single-blog.html]
[designarc.biz/demos/cake/theme/cake-html/vendors/jquery-ui/jquery-ui.min.css]
[designarc.biz/demos/cake/theme/cake-html/img/product/sale-product/s-product-1.jpg]
[designarc.biz/demos/cake/theme/cake-html/img/product/sale-product/s-product-2.jpg]
[designarc.biz/demos/cake/theme/cake-html/img/product/sale-product/s-product-3.jpg]
[designarc.biz/demos/cake/theme/cake-html/img/product/sale-product/s-product-4.jpg]
[designarc.biz/demos/cake/theme/cake-html/shop.html]
[designarc.biz/demos/cake/theme/cake-html/img/product/product-details-1.jpg]
[designarc.biz/demos/cake/theme/cake-html/product-details.html]
[designarc.biz/demos/cake/theme/cake-html/img/product/cart-img.jpg]
[designarc.biz/demos/cake/theme/cake-html/cart.html]
[designarc.biz/demos/cake/theme/cake-html/img/checkout-card.png]
[designarc.biz/demos/cake/theme/cake-html/checkout.html]
[designarc.biz/demos/cake/theme/cake-html/img/map-marker.png]
[designarc.biz/demos/cake/theme/cake-html/js/gmaps.min.js]
[designarc.biz/demos/cake/theme/cake-html/js/map-active.js]
[designarc.biz/demos/cake/theme/cake-html/js/jquery.form.js]
[designarc.biz/demos/cake/theme/cake-html/js/jquery.validate.min.js]
[designarc.biz/demos/cake/theme/cake-html/js/contact.js]
[designarc.biz/demos/cake/theme/cake-html/contact.html]
[designarc.biz/demos/cake/theme/cake-html/js/jquery-3.2.1.min.js]
[designarc.biz/demos/cake/theme/cake-html/js/popper.min.js]
[designarc.biz/demos/cake/theme/cake-html/popper.js]
[designarc.biz/demos/cake/theme/cake-html/js/bootstrap.min.js]
[designarc.biz/demos/cake/theme/cake-html/TweenLite.js]
[designarc.biz/demos/cake/theme/TweenLite.js]
[designarc.biz/demos/cake/theme/cake-html/vendors/revolution/js/jquery.themepunch.tools.min.js]
[designarc.biz/demos/cake/theme/cake-html/Version/index.html]
[designarc.biz/demos/cake/theme/cake-html/themepunch.revolution.min.js]
[designarc.biz/demos/cake/theme/cake-html/jquery.themepunch.revolution.min.js]
[designarc.biz/demos/cake/theme/cake-html/jquery.themepunch.revolution.js]
[designarc.biz/demos/cake/theme/cake-html/vendors/revolution/js/jquery.themepunch.revolution.min.js]
[designarc.biz/demos/cake/theme/cake-html/vendors/revolution/js/extensions/revolution.extension.actions.min.js]
[designarc.biz/demos/cake/theme/cake-html/vendors/revolution/js/extensions/revolution.extension.video.min.js]
[designarc.biz/demos/cake/theme/cake-html/vendors/revolution/js/extensions/revolution.extension.slideanims.min.js]
[designarc.biz/demos/cake/theme/cake-html/vendors/revolution/js/extensions/revolution.extension.layeranimation.min.js]
[designarc.biz/demos/cake/theme/cake-html/vendors/revolution/js/extensions/revolution.extension.navigation.min.js]
[designarc.biz/demos/cake/theme/cake-html/vendors/owl-carousel/owl.carousel.min.js]
[designarc.biz/demos/cake/theme/cake-html/vendors/magnifc-popup/jquery.magnific-popup.min.js]
[designarc.biz/demos/cake/theme/cake-html/vendors/datetime-picker/js/moment.min.js]
[designarc.biz/demos/cake/theme/cake-html/vendors/datetime-picker/js/bootstrap-datetimepicker.min.js]
[designarc.biz/demos/cake/theme/cake-html/vendors/nice-select/js/jquery.nice-select.min.js]
[designarc.biz/demos/cake/theme/cake-html/vendors/jquery-ui/jquery-ui.min.js]
[designarc.biz/demos/cake/theme/cake-html/vendors/lightbox/simpleLightbox.min.js]
[designarc.biz/demos/cake/theme/cake-html/js/theme.js]
[designarc.biz/demos/cake/theme/cake-html/fonts/fontawesome-webfont3e6e.svg]
[designarc.biz/demos/cake/theme/cake-html/vendors/linearicons/fonts/Linearicons-Free54e9.svg]
[designarc.biz/demos/cake/theme/cake-html/vendors/flat-icon/Flaticon.svg]
[designarc.biz/demos/cake/theme/cake-html/vendors/revolution/fonts/revicons/revicons90c6.svg]
[designarc.biz/demos/cake/theme/cake-html/vendors/owl-carousel/owl.video.play.html]
[designarc.biz/demos/cake/theme/cake-html/vendors/stroke-icon/style.css]
[designarc.biz/demos/cake/theme/cake-html/vendors/datetime-picker/css/bootstrap-datetimepicker.min.css]
[designarc.biz/demos/cake/theme/cake-html/vendors/nice-select/css/nice-select.css]
[designarc.biz/demos/cake/theme/cake-html/cakes.html]
[designarc.biz/demos/cake/theme/cake-html/vendors/isotope/imagesloaded.pkgd.min.js]
[designarc.biz/demos/cake/theme/cake-html/vendors/isotope/isotope.pkgd.min.js]
[designarc.biz/demos/cake/theme/cake-html/vendors/lightbox/simpleLightbox.css]
[designarc.biz/demos/cake/theme/cake-html/js/comingsoon.js]
[designarc.biz/demos/cake/theme/cake-html/vendors/stroke-icon/fonts/Stroke-Gap-Icons.eot]
[designarc.biz/demos/cake/theme/cake-html/vendors/jquery-ui/images/ui-icons_444444_256x240.png]
[designarc.biz/demos/cake/theme/cake-html/vendors/jquery-ui/images/ui-icons_555555_256x240.png]
[designarc.biz/demos/cake/theme/cake-html/vendors/jquery-ui/images/ui-icons_ffffff_256x240.png]
[designarc.biz/demos/cake/theme/cake-html/vendors/jquery-ui/images/ui-icons_777620_256x240.png]
[designarc.biz/demos/cake/theme/cake-html/vendors/jquery-ui/images/ui-icons_cc0000_256x240.png]
[designarc.biz/demos/cake/theme/cake-html/vendors/jquery-ui/images/ui-icons_777777_256x240.png]
[designarc.biz/demos/cake/theme/cake-html/vendors/jquery-ui/jquery-ui.min.css]
[designarc.biz/demos/cake/theme/cake-html/js/gmaps.min.js]
[designarc.biz/demos/cake/theme/cake-html/js/map-active.js]
[designarc.biz/demos/cake/theme/cake-html/js/jquery.form.js]
[designarc.biz/demos/cake/theme/cake-html/js/jquery.validate.min.js]
[designarc.biz/demos/cake/theme/cake-html/js/contact.js]
[designarc.biz/demos/cake/theme/cake-html/popper.html]
[designarc.biz/demos/cake/theme/cake-html/TweenLite.html]
[designarc.biz/demos/cake/theme/TweenLite.html]
[designarc.biz/demos/cake/theme/cake-html/Version/index.html]
[designarc.biz/demos/cake/theme/cake-html/themepunch.revolution.min.html]
[designarc.biz/demos/cake/theme/cake-html/jquery.themepunch.revolution.min.html]
[designarc.biz/demos/cake/theme/cake-html/jquery.themepunch.revolution.html]
[secure-a.vimeocdn.com/js/froogaloop2.min.html]
